#-----------------------------------------------------------
# Vivado v2025.1 (64-bit)
# SW Build 6140274 on Thu May 22 00:12:29 MDT 2025
# IP Build 6138677 on Thu May 22 03:10:11 MDT 2025
# SharedData Build 6139179 on Tue May 20 17:58:58 MDT 2025
# Start of session at: Wed Jul  9 15:12:43 2025
# Process ID         : 14340
# Current directory  : C:/VHDL/FPGA_Seven_Segment/sevenseg/sevenseg.runs/impl_1
# Command line       : vivado.exe -log sevenseg.vdi -applog -product Vivado -messageDb vivado.pb -mode batch -source sevenseg.tcl -notrace
# Log file           : C:/VHDL/FPGA_Seven_Segment/sevenseg/sevenseg.runs/impl_1/sevenseg.vdi
# Journal file       : C:/VHDL/FPGA_Seven_Segment/sevenseg/sevenseg.runs/impl_1\vivado.jou
# Running On         : Johns_XPS_13
# Platform           : Windows Server 2016 or Windows 10
# Operating System   : 26100
# Processor Detail   : 12th Gen Intel(R) Core(TM) i7-1260P
# CPU Frequency      : 2496 MHz
# CPU Physical cores : 12
# CPU Logical cores  : 16
# Host memory        : 16764 MB
# Swap memory        : 5905 MB
# Total Virtual      : 22670 MB
# Available Virtual  : 9154 MB
#-----------------------------------------------------------
source sevenseg.tcl -notrace
